OK
OK
OK
OK
R Rectangle1 1 3 6 0
R Rectangle2 1 3 8 -4
OI Intersection1
	R Rectangle1 1 3 6 0
	R Rectangle2 1 3 8 -4
OI Intersection2
	OI Intersection1
	R Rectangle2 1 3 8 -4


