OK
OK
ERR
# Segment2 inexistant
R Rectangle1 1 3 6 0
S Segment1 0 0 1 1
