OK
ERR
# Nombre de points insuffisants
PC PolyConvex1 1 1 3 -5 -2 -1
