OK
OK
OK
OK
R Rectangle1 1 3 6 0
S Segment1 0 0 1 1
OK
OK
OK
R Rectangle1 1 3 6 0
S Segment1 0 0 1 1
PC PolygonConvex1 1 1 3 -5 -2 -1

