OK
OK
OK
OK
OK
OK
R _Rectangle1 1 3 6 0
S _Segment1 0 0 1 1
OI Intersection1 _Rectangle1 _Segment1
DELETE _Rectangle1 _Segment1
PC PolygoneConvex1 1 1 3 -5 -2 -1
R Rectangle1 1 3 6 0
R _Rectangle1 1 3 6 0
S _Segment1 0 0 1 1
OR Reunion1 _Rectangle1 _Segment1
DELETE _Rectangle1 _Segment1
R _Rectangle1 1 3 6 0
S _Segment1 0 0 1 1
OR _Reunion1 _Rectangle1 _Segment1
DELETE _Rectangle1 _Segment1
R _Rectangle1 1 3 6 0
S _Segment1 0 0 1 1
OI _Intersection1 _Rectangle1 _Segment1
DELETE _Rectangle1 _Segment1
PC _PolygoneConvex1 1 1 3 -5 -2 -1
OR Reunion2 _Reunion1 _Intersection1 _PolygoneConvex1
DELETE _Reunion1 _Intersection1 _PolygoneConvex1
S Segment1 0 0 1 1


