OK
OK
OK
ERR
# Le nom Rectangle2 n'existe pas
R Rectangle1 1 3 6 0
R Rectangle2 1 3 8 -1
R Rectangle3 1 3 12 -4


