OK
ERR
# Points alignes
PC PolyConvex1 1 1 3 -5 -2 -1
