OK
OK
ERR
# 
S Segment1 0 0 1 1
R Rectangle1 1 3 6 0


