OK
OK
OK
R Rectangle1 1 3 6 0
R Rectangle2 1 3 6 0
OR
	R Rectangle1 1 3 6 0
	R Rectangle2 1 3 6 0	


