OK
OK
OK
R Rectangle1 1 3 6 0
R Rectangle2 1 3 8 -4
R _Rectangle1 1 3 6 0
R _Rectangle2 1 3 8 -4
OR Reunion1 _Rectangle1 _Rectangle2
DELETE _Rectangle1 _Rectangle2
OK
R Rectangle1 1 3 6 0
R Rectangle2 5 9 12 2
R _Rectangle1 1 3 6 0
R _Rectangle2 1 3 8 -4
OR Reunion1 _Rectangle1 _Rectangle2
DELETE _Rectangle1 _Rectangle2


